// Vitest Snapshot v1, https://vitest.dev/guide/snapshot.html

exports[`LogConsole > renders mixed severity entries 1`] = `
<div>
  <div
    class="log-console"
  >
    <div
      class="log-console__header"
    >
      <div
        class="log-console__title"
      >
        <h3>
          Live Logs
        </h3>
        <span
          class="log-console__status log-console__status--open"
        >
          Connected
        </span>
      </div>
      <div
        class="log-console__actions"
      >
        <button
          class="log-console__button"
          type="button"
        >
          Pause
        </button>
        <button
          class="log-console__button"
          type="button"
        >
          Clear
        </button>
      </div>
    </div>
    <div
      class="log-console__controls"
    >
      <fieldset
        class="log-console__levels"
      >
        <legend
          class="sr-only"
        >
          Severity filters
        </legend>
        <label
          class="log-console__level"
        >
          <input
            checked=""
            type="checkbox"
          />
          <span>
            ‚ùå
             
            Error
          </span>
        </label>
        <label
          class="log-console__level"
        >
          <input
            checked=""
            type="checkbox"
          />
          <span>
            ‚ö†Ô∏è
             
            Warning
          </span>
        </label>
        <label
          class="log-console__level"
        >
          <input
            checked=""
            type="checkbox"
          />
          <span>
            ‚ÑπÔ∏è
             
            Info
          </span>
        </label>
        <label
          class="log-console__level"
        >
          <input
            checked=""
            type="checkbox"
          />
          <span>
            üêû
             
            Debug
          </span>
        </label>
      </fieldset>
      <label
        class="log-console__level"
      >
        <input
          checked=""
          type="checkbox"
        />
        <span>
          Auto-scroll
        </span>
      </label>
    </div>
    <div
      aria-live="polite"
      aria-relevant="additions"
      class="log-console__body"
      role="log"
      tabindex="0"
    >
      <div
        class="log-entry log-info"
      >
        <div
          aria-hidden="true"
          class="log-entry__icon"
        >
          ‚ÑπÔ∏è
        </div>
        <div
          class="log-entry__content"
        >
          <div
            class="log-entry__meta"
          >
            <time
              datetime="2024-01-01T00:00:00Z"
            >
              24:00:00
            </time>
            <span
              class="log-entry__logger"
            >
              backend.main
            </span>
            <span
              class="log-entry__module"
            >
              main
            </span>
          </div>
          <div
            class="log-entry__message"
          >
            Application boot complete
          </div>
        </div>
      </div>
      <div
        class="log-entry log-warn"
      >
        <div
          aria-hidden="true"
          class="log-entry__icon"
        >
          ‚ö†Ô∏è
        </div>
        <div
          class="log-entry__content"
        >
          <div
            class="log-entry__meta"
          >
            <time
              datetime="2024-01-01T00:00:01Z"
            >
              24:00:01
            </time>
            <span
              class="log-entry__logger"
            >
              services.cache
            </span>
            <span
              class="log-entry__module"
            >
              cache
            </span>
          </div>
          <div
            class="log-entry__message"
          >
            Cache miss for dataset preview
          </div>
        </div>
      </div>
      <div
        class="log-entry log-error"
      >
        <div
          aria-hidden="true"
          class="log-entry__icon"
        >
          ‚ùå
        </div>
        <div
          class="log-entry__content"
        >
          <div
            class="log-entry__meta"
          >
            <time
              datetime="2024-01-01T00:00:02Z"
            >
              24:00:02
            </time>
            <span
              class="log-entry__logger"
            >
              services.data
            </span>
            <span
              class="log-entry__module"
            >
              data_manager
            </span>
          </div>
          <div
            class="log-entry__message"
          >
            Failed to load dataset metadata
          </div>
        </div>
      </div>
      <div
        class="log-entry log-debug"
      >
        <div
          aria-hidden="true"
          class="log-entry__icon"
        >
          üêû
        </div>
        <div
          class="log-entry__content"
        >
          <div
            class="log-entry__meta"
          >
            <time
              datetime="2024-01-01T00:00:03Z"
            >
              24:00:03
            </time>
            <span
              class="log-entry__logger"
            >
              services.training
            </span>
            <span
              class="log-entry__module"
            >
              trainer
            </span>
          </div>
          <div
            class="log-entry__message"
          >
            Trainer heartbeat received
          </div>
        </div>
      </div>
    </div>
  </div>
</div>
`;
